[
  2324.4, 
  -123.7, 
    null, 
    13.1, 
  5757.4, 
   false, 
  1.2e+1
]
