{
  "coord": [
    "x":    1.2, "y":    1.23, 
    "x": 3.5432, "y":     123, 
    "x":      1, "y":   123.4, 
    "x":    -12, "y":     1.2, 
    "x":     12, "y": 969.696
  ]
}
