[
  [ 12.34,    -1.24, 4859.13,   10.19], 
  [321.32, -2342.12,    4.13,   21.23], 
  [-12.33,  -123.33,   23.33, 5435.33], 
  [111.11,    22.22,    3.33,   -4.44]
]
